
Allocating common symbols
Common symbol       size              file

dst                 0x78              ./objs/main.o
src                 0x78              ./objs/main.o

Discarded input sections

 .group         0x0000000000000000        0xc ./objs/startup_scr1.o
 .group         0x0000000000000000        0xc ./objs/startup_scr1.o
 .group         0x0000000000000000        0xc ./objs/startup_scr1.o
 .group         0x0000000000000000        0xc ./objs/startup_scr1.o
 .group         0x0000000000000000        0xc ./objs/startup_scr1.o
 .group         0x0000000000000000        0xc ./objs/startup_scr1.o
 .group         0x0000000000000000        0xc ./objs/startup_scr1.o
 .group         0x0000000000000000        0xc ./objs/startup_scr1.o
 .group         0x0000000000000000        0xc ./objs/startup_scr1.o
 .group         0x0000000000000000        0xc ./objs/startup_scr1.o
 .group         0x0000000000000000        0xc ./objs/startup_scr1.o
 .group         0x0000000000000000        0xc ./objs/startup_scr1.o
 .group         0x0000000000000000        0xc ./objs/startup_scr1.o
 .group         0x0000000000000000        0xc ./objs/startup_scr1.o
 .group         0x0000000000000000        0xc ./objs/startup_scr1.o
 .group         0x0000000000000000        0xc ./objs/startup_scr1.o
 .group         0x0000000000000000        0xc ./objs/startup_scr1.o
 .group         0x0000000000000000        0xc ./objs/startup_scr1.o
 .group         0x0000000000000000        0xc ./objs/startup_scr1.o
 .group         0x0000000000000000        0xc ./objs/startup_scr1.o
 .group         0x0000000000000000        0xc ./objs/startup_scr1.o
 .group         0x0000000000000000        0xc ./objs/startup_scr1.o
 .group         0x0000000000000000        0xc ./objs/startup_scr1.o
 .group         0x0000000000000000        0xc ./objs/startup_scr1.o
 .group         0x0000000000000000        0xc ./objs/startup_scr1.o
 .group         0x0000000000000000        0xc ./objs/startup_scr1.o
 .group         0x0000000000000000        0xc ./objs/startup_scr1.o
 .group         0x0000000000000000        0xc ./objs/startup_scr1.o
 .group         0x0000000000000000        0xc ./objs/startup_scr1.o
 .group         0x0000000000000000        0xc ./objs/startup_scr1.o
 .group         0x0000000000000000        0xc ./objs/startup_scr1.o
 .group         0x0000000000000000        0xc ./objs/startup_scr1.o
 .group         0x0000000000000000        0xc ./objs/startup_scr1.o
 .group         0x0000000000000000        0xc ./objs/startup_scr1.o
 .group         0x0000000000000000        0xc ./objs/startup_scr1.o
 .group         0x0000000000000000        0xc ./objs/startup_scr1.o
 .group         0x0000000000000000        0xc ./objs/startup_scr1.o
 .group         0x0000000000000000        0xc ./objs/startup_scr1.o
 .group         0x0000000000000000        0xc ./objs/startup_scr1.o
 .group         0x0000000000000000        0xc ./objs/startup_scr1.o
 .group         0x0000000000000000        0xc ./objs/startup_scr1.o
 .group         0x0000000000000000        0xc ./objs/startup_scr1.o
 .group         0x0000000000000000        0xc ./objs/startup_scr1.o
 .group         0x0000000000000000        0xc ./objs/startup_scr1.o
 .text          0x0000000000000000        0x0 ./objs/startup_scr1.o
 .data          0x0000000000000000        0x0 ./objs/startup_scr1.o
 .bss           0x0000000000000000        0x0 ./objs/startup_scr1.o
 .text.Reset_Interrupt_Count
                0x0000000000000000       0x54 ./objs/startup_scr1.o
 .text.init_ipic
                0x0000000000000000       0x28 ./objs/startup_scr1.o
 .data.interrupt_count_timer1
                0x0000000000000000        0x4 ./objs/startup_scr1.o
 .group         0x0000000000000000        0xc ./objs/syscalls.o
 .group         0x0000000000000000        0xc ./objs/syscalls.o
 .group         0x0000000000000000        0xc ./objs/syscalls.o
 .group         0x0000000000000000        0xc ./objs/syscalls.o
 .group         0x0000000000000000        0xc ./objs/syscalls.o
 .group         0x0000000000000000        0xc ./objs/syscalls.o
 .group         0x0000000000000000        0xc ./objs/syscalls.o
 .group         0x0000000000000000        0xc ./objs/syscalls.o
 .group         0x0000000000000000        0xc ./objs/syscalls.o
 .group         0x0000000000000000        0xc ./objs/syscalls.o
 .group         0x0000000000000000        0xc ./objs/syscalls.o
 .group         0x0000000000000000        0xc ./objs/syscalls.o
 .group         0x0000000000000000        0xc ./objs/syscalls.o
 .group         0x0000000000000000        0xc ./objs/syscalls.o
 .group         0x0000000000000000        0xc ./objs/syscalls.o
 .group         0x0000000000000000        0xc ./objs/syscalls.o
 .group         0x0000000000000000        0xc ./objs/syscalls.o
 .group         0x0000000000000000        0xc ./objs/syscalls.o
 .group         0x0000000000000000        0xc ./objs/syscalls.o
 .group         0x0000000000000000        0xc ./objs/syscalls.o
 .group         0x0000000000000000        0xc ./objs/syscalls.o
 .group         0x0000000000000000        0xc ./objs/syscalls.o
 .group         0x0000000000000000        0xc ./objs/syscalls.o
 .group         0x0000000000000000        0xc ./objs/syscalls.o
 .group         0x0000000000000000        0xc ./objs/syscalls.o
 .group         0x0000000000000000        0xc ./objs/syscalls.o
 .group         0x0000000000000000        0xc ./objs/syscalls.o
 .group         0x0000000000000000        0xc ./objs/syscalls.o
 .group         0x0000000000000000        0xc ./objs/syscalls.o
 .group         0x0000000000000000        0xc ./objs/syscalls.o
 .group         0x0000000000000000        0xc ./objs/syscalls.o
 .group         0x0000000000000000        0xc ./objs/syscalls.o
 .group         0x0000000000000000        0xc ./objs/syscalls.o
 .group         0x0000000000000000        0xc ./objs/syscalls.o
 .group         0x0000000000000000        0xc ./objs/syscalls.o
 .text          0x0000000000000000        0x0 ./objs/syscalls.o
 .data          0x0000000000000000        0x0 ./objs/syscalls.o
 .bss           0x0000000000000000        0x0 ./objs/syscalls.o
 .text._close   0x0000000000000000        0x8 ./objs/syscalls.o
 .text._fstat   0x0000000000000000       0x10 ./objs/syscalls.o
 .text._isatty  0x0000000000000000        0x8 ./objs/syscalls.o
 .text._lseek   0x0000000000000000        0x8 ./objs/syscalls.o
 .text._open    0x0000000000000000        0x8 ./objs/syscalls.o
 .text._read    0x0000000000000000        0x8 ./objs/syscalls.o
 .text._sbrk    0x0000000000000000       0x54 ./objs/syscalls.o
 .bss.heap_end.1477
                0x0000000000000000        0x4 ./objs/syscalls.o
 .debug_info    0x0000000000000000      0xd33 ./objs/syscalls.o
 .debug_abbrev  0x0000000000000000      0x258 ./objs/syscalls.o
 .debug_loc     0x0000000000000000      0x129 ./objs/syscalls.o
 .debug_aranges
                0x0000000000000000       0x50 ./objs/syscalls.o
 .debug_ranges  0x0000000000000000       0x40 ./objs/syscalls.o
 .debug_macro   0x0000000000000000      0x1cf ./objs/syscalls.o
 .debug_macro   0x0000000000000000      0x74e ./objs/syscalls.o
 .debug_macro   0x0000000000000000       0x3a ./objs/syscalls.o
 .debug_macro   0x0000000000000000       0x28 ./objs/syscalls.o
 .debug_macro   0x0000000000000000       0x22 ./objs/syscalls.o
 .debug_macro   0x0000000000000000       0x8e ./objs/syscalls.o
 .debug_macro   0x0000000000000000       0x51 ./objs/syscalls.o
 .debug_macro   0x0000000000000000       0xef ./objs/syscalls.o
 .debug_macro   0x0000000000000000       0x6a ./objs/syscalls.o
 .debug_macro   0x0000000000000000      0x1df ./objs/syscalls.o
 .debug_macro   0x0000000000000000       0x58 ./objs/syscalls.o
 .debug_macro   0x0000000000000000       0x19 ./objs/syscalls.o
 .debug_macro   0x0000000000000000       0x34 ./objs/syscalls.o
 .debug_macro   0x0000000000000000       0x34 ./objs/syscalls.o
 .debug_macro   0x0000000000000000      0x174 ./objs/syscalls.o
 .debug_macro   0x0000000000000000      0x330 ./objs/syscalls.o
 .debug_macro   0x0000000000000000       0x58 ./objs/syscalls.o
 .debug_macro   0x0000000000000000       0x1f ./objs/syscalls.o
 .debug_macro   0x0000000000000000       0x43 ./objs/syscalls.o
 .debug_macro   0x0000000000000000       0x20 ./objs/syscalls.o
 .debug_macro   0x0000000000000000      0x18e ./objs/syscalls.o
 .debug_macro   0x0000000000000000       0x10 ./objs/syscalls.o
 .debug_macro   0x0000000000000000       0x35 ./objs/syscalls.o
 .debug_macro   0x0000000000000000       0x10 ./objs/syscalls.o
 .debug_macro   0x0000000000000000       0x10 ./objs/syscalls.o
 .debug_macro   0x0000000000000000       0x10 ./objs/syscalls.o
 .debug_macro   0x0000000000000000       0x1c ./objs/syscalls.o
 .debug_macro   0x0000000000000000       0x52 ./objs/syscalls.o
 .debug_macro   0x0000000000000000       0x40 ./objs/syscalls.o
 .debug_macro   0x0000000000000000       0x10 ./objs/syscalls.o
 .debug_macro   0x0000000000000000       0x40 ./objs/syscalls.o
 .debug_macro   0x0000000000000000       0xd7 ./objs/syscalls.o
 .debug_macro   0x0000000000000000       0x1c ./objs/syscalls.o
 .debug_macro   0x0000000000000000       0x3d ./objs/syscalls.o
 .debug_macro   0x0000000000000000       0x35 ./objs/syscalls.o
 .debug_macro   0x0000000000000000      0x122 ./objs/syscalls.o
 .debug_line    0x0000000000000000      0x642 ./objs/syscalls.o
 .debug_str     0x0000000000000000     0x76d6 ./objs/syscalls.o
 .comment       0x0000000000000000       0x3a ./objs/syscalls.o
 .debug_frame   0x0000000000000000       0x80 ./objs/syscalls.o
 .group         0x0000000000000000        0xc ./objs/uart.o
 .group         0x0000000000000000        0xc ./objs/uart.o
 .group         0x0000000000000000        0xc ./objs/uart.o
 .group         0x0000000000000000        0xc ./objs/uart.o
 .group         0x0000000000000000        0xc ./objs/uart.o
 .group         0x0000000000000000        0xc ./objs/uart.o
 .group         0x0000000000000000        0xc ./objs/uart.o
 .group         0x0000000000000000        0xc ./objs/uart.o
 .group         0x0000000000000000        0xc ./objs/uart.o
 .group         0x0000000000000000        0xc ./objs/uart.o
 .group         0x0000000000000000        0xc ./objs/uart.o
 .group         0x0000000000000000        0xc ./objs/uart.o
 .group         0x0000000000000000        0xc ./objs/uart.o
 .group         0x0000000000000000        0xc ./objs/uart.o
 .group         0x0000000000000000        0xc ./objs/uart.o
 .group         0x0000000000000000        0xc ./objs/uart.o
 .group         0x0000000000000000        0xc ./objs/uart.o
 .group         0x0000000000000000        0xc ./objs/uart.o
 .group         0x0000000000000000        0xc ./objs/uart.o
 .group         0x0000000000000000        0xc ./objs/uart.o
 .group         0x0000000000000000        0xc ./objs/uart.o
 .group         0x0000000000000000        0xc ./objs/uart.o
 .group         0x0000000000000000        0xc ./objs/uart.o
 .group         0x0000000000000000        0xc ./objs/uart.o
 .group         0x0000000000000000        0xc ./objs/uart.o
 .group         0x0000000000000000        0xc ./objs/uart.o
 .group         0x0000000000000000        0xc ./objs/uart.o
 .group         0x0000000000000000        0xc ./objs/uart.o
 .group         0x0000000000000000        0xc ./objs/uart.o
 .group         0x0000000000000000        0xc ./objs/uart.o
 .group         0x0000000000000000        0xc ./objs/uart.o
 .group         0x0000000000000000        0xc ./objs/uart.o
 .group         0x0000000000000000        0xc ./objs/uart.o
 .group         0x0000000000000000        0xc ./objs/uart.o
 .group         0x0000000000000000        0xc ./objs/uart.o
 .group         0x0000000000000000        0xc ./objs/uart.o
 .group         0x0000000000000000        0xc ./objs/uart.o
 .group         0x0000000000000000        0xc ./objs/uart.o
 .group         0x0000000000000000        0xc ./objs/uart.o
 .group         0x0000000000000000        0xc ./objs/uart.o
 .group         0x0000000000000000        0xc ./objs/uart.o
 .group         0x0000000000000000        0xc ./objs/uart.o
 .group         0x0000000000000000        0xc ./objs/uart.o
 .text          0x0000000000000000        0x0 ./objs/uart.o
 .data          0x0000000000000000        0x0 ./objs/uart.o
 .bss           0x0000000000000000        0x0 ./objs/uart.o
 .text.UART_Init
                0x0000000000000000       0x48 ./objs/uart.o
 .text.UART_Set_Interrupt
                0x0000000000000000       0x10 ./objs/uart.o
 .text.UART_LoopMode
                0x0000000000000000       0x10 ./objs/uart.o
 .text.UART_GetControl
                0x0000000000000000        0x8 ./objs/uart.o
 .text.UART_SendByte
                0x0000000000000000       0x20 ./objs/uart.o
 .text.uart_send_n_bytes
                0x0000000000000000       0x60 ./objs/uart.o
 .text.uart_send_n_bytes_packets
                0x0000000000000000       0xb8 ./objs/uart.o
 .text.UART_SendString
                0x0000000000000000       0x94 ./objs/uart.o
 .text.UART_SendChar
                0x0000000000000000       0x2c ./objs/uart.o
 .text.UART_ReadByte
                0x0000000000000000        0xc ./objs/uart.o
 .text.uart_read_n_bytes
                0x0000000000000000       0x34 ./objs/uart.o
 .text.UART_BasicCommunicationTest
                0x0000000000000000       0x94 ./objs/uart.o
 .text.uart_chk_tx_fifo
                0x0000000000000000       0x10 ./objs/uart.o
 .text.uart_is_rx_fifo_empty
                0x0000000000000000       0x10 ./objs/uart.o
 .data.g_uart_dbg_instance
                0x0000000000000000        0x4 ./objs/uart.o
 .debug_info    0x0000000000000000      0xfc0 ./objs/uart.o
 .debug_abbrev  0x0000000000000000      0x384 ./objs/uart.o
 .debug_loc     0x0000000000000000      0x593 ./objs/uart.o
 .debug_aranges
                0x0000000000000000       0x88 ./objs/uart.o
 .debug_ranges  0x0000000000000000       0xa8 ./objs/uart.o
 .debug_macro   0x0000000000000000      0x285 ./objs/uart.o
 .debug_macro   0x0000000000000000      0x74e ./objs/uart.o
 .debug_macro   0x0000000000000000       0x22 ./objs/uart.o
 .debug_macro   0x0000000000000000       0x8e ./objs/uart.o
 .debug_macro   0x0000000000000000       0x51 ./objs/uart.o
 .debug_macro   0x0000000000000000       0xef ./objs/uart.o
 .debug_macro   0x0000000000000000       0x6a ./objs/uart.o
 .debug_macro   0x0000000000000000      0x1df ./objs/uart.o
 .debug_macro   0x0000000000000000       0x58 ./objs/uart.o
 .debug_macro   0x0000000000000000       0x19 ./objs/uart.o
 .debug_macro   0x0000000000000000       0x34 ./objs/uart.o
 .debug_macro   0x0000000000000000       0x34 ./objs/uart.o
 .debug_macro   0x0000000000000000      0x174 ./objs/uart.o
 .debug_macro   0x0000000000000000       0x58 ./objs/uart.o
 .debug_macro   0x0000000000000000       0x1f ./objs/uart.o
 .debug_macro   0x0000000000000000       0x43 ./objs/uart.o
 .debug_macro   0x0000000000000000       0x20 ./objs/uart.o
 .debug_macro   0x0000000000000000      0x18e ./objs/uart.o
 .debug_macro   0x0000000000000000      0x330 ./objs/uart.o
 .debug_macro   0x0000000000000000       0x10 ./objs/uart.o
 .debug_macro   0x0000000000000000       0x35 ./objs/uart.o
 .debug_macro   0x0000000000000000       0x1c ./objs/uart.o
 .debug_macro   0x0000000000000000       0x10 ./objs/uart.o
 .debug_macro   0x0000000000000000       0x10 ./objs/uart.o
 .debug_macro   0x0000000000000000       0x1c ./objs/uart.o
 .debug_macro   0x0000000000000000       0x52 ./objs/uart.o
 .debug_macro   0x0000000000000000       0x40 ./objs/uart.o
 .debug_macro   0x0000000000000000       0x10 ./objs/uart.o
 .debug_macro   0x0000000000000000       0x40 ./objs/uart.o
 .debug_macro   0x0000000000000000       0xd7 ./objs/uart.o
 .debug_macro   0x0000000000000000       0x1c ./objs/uart.o
 .debug_macro   0x0000000000000000       0x3d ./objs/uart.o
 .debug_macro   0x0000000000000000       0x16 ./objs/uart.o
 .debug_macro   0x0000000000000000      0x16f ./objs/uart.o
 .debug_macro   0x0000000000000000       0x16 ./objs/uart.o
 .debug_macro   0x0000000000000000       0x16 ./objs/uart.o
 .debug_macro   0x0000000000000000       0x29 ./objs/uart.o
 .debug_macro   0x0000000000000000       0x22 ./objs/uart.o
 .debug_macro   0x0000000000000000      0x1e1 ./objs/uart.o
 .debug_macro   0x0000000000000000       0x1c ./objs/uart.o
 .debug_macro   0x0000000000000000       0x3a ./objs/uart.o
 .debug_macro   0x0000000000000000       0x28 ./objs/uart.o
 .debug_macro   0x0000000000000000       0x2e ./objs/uart.o
 .debug_macro   0x0000000000000000      0x10c ./objs/uart.o
 .debug_line    0x0000000000000000      0xaf4 ./objs/uart.o
 .debug_str     0x0000000000000000     0x8b0a ./objs/uart.o
 .comment       0x0000000000000000       0x3a ./objs/uart.o
 .debug_frame   0x0000000000000000      0x17c ./objs/uart.o
 .group         0x0000000000000000        0xc ./objs/spi.o
 .group         0x0000000000000000        0xc ./objs/spi.o
 .group         0x0000000000000000        0xc ./objs/spi.o
 .group         0x0000000000000000        0xc ./objs/spi.o
 .group         0x0000000000000000        0xc ./objs/spi.o
 .group         0x0000000000000000        0xc ./objs/spi.o
 .group         0x0000000000000000        0xc ./objs/spi.o
 .group         0x0000000000000000        0xc ./objs/spi.o
 .group         0x0000000000000000        0xc ./objs/spi.o
 .group         0x0000000000000000        0xc ./objs/spi.o
 .group         0x0000000000000000        0xc ./objs/spi.o
 .group         0x0000000000000000        0xc ./objs/spi.o
 .group         0x0000000000000000        0xc ./objs/spi.o
 .group         0x0000000000000000        0xc ./objs/spi.o
 .group         0x0000000000000000        0xc ./objs/spi.o
 .group         0x0000000000000000        0xc ./objs/spi.o
 .group         0x0000000000000000        0xc ./objs/spi.o
 .group         0x0000000000000000        0xc ./objs/spi.o
 .group         0x0000000000000000        0xc ./objs/spi.o
 .group         0x0000000000000000        0xc ./objs/spi.o
 .group         0x0000000000000000        0xc ./objs/spi.o
 .group         0x0000000000000000        0xc ./objs/spi.o
 .group         0x0000000000000000        0xc ./objs/spi.o
 .group         0x0000000000000000        0xc ./objs/spi.o
 .group         0x0000000000000000        0xc ./objs/spi.o
 .group         0x0000000000000000        0xc ./objs/spi.o
 .group         0x0000000000000000        0xc ./objs/spi.o
 .group         0x0000000000000000        0xc ./objs/spi.o
 .group         0x0000000000000000        0xc ./objs/spi.o
 .group         0x0000000000000000        0xc ./objs/spi.o
 .group         0x0000000000000000        0xc ./objs/spi.o
 .group         0x0000000000000000        0xc ./objs/spi.o
 .group         0x0000000000000000        0xc ./objs/spi.o
 .group         0x0000000000000000        0xc ./objs/spi.o
 .group         0x0000000000000000        0xc ./objs/spi.o
 .group         0x0000000000000000        0xc ./objs/spi.o
 .group         0x0000000000000000        0xc ./objs/spi.o
 .group         0x0000000000000000        0xc ./objs/spi.o
 .group         0x0000000000000000        0xc ./objs/spi.o
 .group         0x0000000000000000        0xc ./objs/spi.o
 .group         0x0000000000000000        0xc ./objs/spi.o
 .group         0x0000000000000000        0xc ./objs/spi.o
 .group         0x0000000000000000        0xc ./objs/spi.o
 .group         0x0000000000000000        0xc ./objs/spi.o
 .text          0x0000000000000000        0x0 ./objs/spi.o
 .data          0x0000000000000000        0x0 ./objs/spi.o
 .bss           0x0000000000000000        0x0 ./objs/spi.o
 .text.SPI_Init
                0x0000000000000000       0x24 ./objs/spi.o
 .text.SPI_LoopMode
                0x0000000000000000       0x14 ./objs/spi.o
 .text.SPI_Set_Word_Lenght
                0x0000000000000000       0x24 ./objs/spi.o
 .text.SPI_Set_Interrupt
                0x0000000000000000       0x14 ./objs/spi.o
 .text.SPI_Set_Frequency
                0x0000000000000000       0x4c ./objs/spi.o
 .text.SPI_Slave_Select
                0x0000000000000000        0x8 ./objs/spi.o
 .text.SPI_Core_Enable
                0x0000000000000000       0x14 ./objs/spi.o
 .text.SPI_Get_Capability
                0x0000000000000000        0x8 ./objs/spi.o
 .text.SPI_Get_Event_TIP
                0x0000000000000000       0x10 ./objs/spi.o
 .text.SPI_Send_Word
                0x0000000000000000       0x14 ./objs/spi.o
 .text.SPI_Send_n_Word
                0x0000000000000000       0x5c ./objs/spi.o
 .text.SPI_Read_Word
                0x0000000000000000       0x14 ./objs/spi.o
 .text.SPI_Read_n_Word
                0x0000000000000000       0x6c ./objs/spi.o
 .debug_info    0x0000000000000000      0xe22 ./objs/spi.o
 .debug_abbrev  0x0000000000000000      0x2bc ./objs/spi.o
 .debug_loc     0x0000000000000000      0x258 ./objs/spi.o
 .debug_aranges
                0x0000000000000000       0x80 ./objs/spi.o
 .debug_ranges  0x0000000000000000       0xa0 ./objs/spi.o
 .debug_macro   0x0000000000000000      0x28e ./objs/spi.o
 .debug_macro   0x0000000000000000      0x74e ./objs/spi.o
 .debug_macro   0x0000000000000000       0x22 ./objs/spi.o
 .debug_macro   0x0000000000000000       0x8e ./objs/spi.o
 .debug_macro   0x0000000000000000       0x51 ./objs/spi.o
 .debug_macro   0x0000000000000000       0xef ./objs/spi.o
 .debug_macro   0x0000000000000000       0x6a ./objs/spi.o
 .debug_macro   0x0000000000000000      0x1df ./objs/spi.o
 .debug_macro   0x0000000000000000       0x58 ./objs/spi.o
 .debug_macro   0x0000000000000000       0x19 ./objs/spi.o
 .debug_macro   0x0000000000000000       0x34 ./objs/spi.o
 .debug_macro   0x0000000000000000       0x34 ./objs/spi.o
 .debug_macro   0x0000000000000000      0x174 ./objs/spi.o
 .debug_macro   0x0000000000000000       0x58 ./objs/spi.o
 .debug_macro   0x0000000000000000       0x1f ./objs/spi.o
 .debug_macro   0x0000000000000000       0x43 ./objs/spi.o
 .debug_macro   0x0000000000000000       0x20 ./objs/spi.o
 .debug_macro   0x0000000000000000      0x18e ./objs/spi.o
 .debug_macro   0x0000000000000000      0x330 ./objs/spi.o
 .debug_macro   0x0000000000000000       0x10 ./objs/spi.o
 .debug_macro   0x0000000000000000       0x35 ./objs/spi.o
 .debug_macro   0x0000000000000000       0x1c ./objs/spi.o
 .debug_macro   0x0000000000000000       0x10 ./objs/spi.o
 .debug_macro   0x0000000000000000       0x10 ./objs/spi.o
 .debug_macro   0x0000000000000000       0x1c ./objs/spi.o
 .debug_macro   0x0000000000000000       0x52 ./objs/spi.o
 .debug_macro   0x0000000000000000       0x40 ./objs/spi.o
 .debug_macro   0x0000000000000000       0x10 ./objs/spi.o
 .debug_macro   0x0000000000000000       0x40 ./objs/spi.o
 .debug_macro   0x0000000000000000       0xd7 ./objs/spi.o
 .debug_macro   0x0000000000000000       0x1c ./objs/spi.o
 .debug_macro   0x0000000000000000       0x3d ./objs/spi.o
 .debug_macro   0x0000000000000000       0x16 ./objs/spi.o
 .debug_macro   0x0000000000000000      0x16f ./objs/spi.o
 .debug_macro   0x0000000000000000       0x16 ./objs/spi.o
 .debug_macro   0x0000000000000000       0x16 ./objs/spi.o
 .debug_macro   0x0000000000000000       0x29 ./objs/spi.o
 .debug_macro   0x0000000000000000       0x22 ./objs/spi.o
 .debug_macro   0x0000000000000000      0x1e1 ./objs/spi.o
 .debug_macro   0x0000000000000000       0x1c ./objs/spi.o
 .debug_macro   0x0000000000000000       0x3a ./objs/spi.o
 .debug_macro   0x0000000000000000       0x28 ./objs/spi.o
 .debug_macro   0x0000000000000000       0x2e ./objs/spi.o
 .debug_macro   0x0000000000000000       0xd7 ./objs/spi.o
 .debug_macro   0x0000000000000000      0x112 ./objs/spi.o
 .debug_line    0x0000000000000000      0x951 ./objs/spi.o
 .debug_str     0x0000000000000000     0x8f1c ./objs/spi.o
 .comment       0x0000000000000000       0x3a ./objs/spi.o
 .debug_frame   0x0000000000000000      0x114 ./objs/spi.o
 .group         0x0000000000000000        0xc ./objs/gpio.o
 .group         0x0000000000000000        0xc ./objs/gpio.o
 .group         0x0000000000000000        0xc ./objs/gpio.o
 .group         0x0000000000000000        0xc ./objs/gpio.o
 .group         0x0000000000000000        0xc ./objs/gpio.o
 .group         0x0000000000000000        0xc ./objs/gpio.o
 .group         0x0000000000000000        0xc ./objs/gpio.o
 .group         0x0000000000000000        0xc ./objs/gpio.o
 .group         0x0000000000000000        0xc ./objs/gpio.o
 .group         0x0000000000000000        0xc ./objs/gpio.o
 .group         0x0000000000000000        0xc ./objs/gpio.o
 .group         0x0000000000000000        0xc ./objs/gpio.o
 .group         0x0000000000000000        0xc ./objs/gpio.o
 .group         0x0000000000000000        0xc ./objs/gpio.o
 .group         0x0000000000000000        0xc ./objs/gpio.o
 .group         0x0000000000000000        0xc ./objs/gpio.o
 .group         0x0000000000000000        0xc ./objs/gpio.o
 .group         0x0000000000000000        0xc ./objs/gpio.o
 .group         0x0000000000000000        0xc ./objs/gpio.o
 .group         0x0000000000000000        0xc ./objs/gpio.o
 .group         0x0000000000000000        0xc ./objs/gpio.o
 .group         0x0000000000000000        0xc ./objs/gpio.o
 .group         0x0000000000000000        0xc ./objs/gpio.o
 .group         0x0000000000000000        0xc ./objs/gpio.o
 .group         0x0000000000000000        0xc ./objs/gpio.o
 .group         0x0000000000000000        0xc ./objs/gpio.o
 .group         0x0000000000000000        0xc ./objs/gpio.o
 .group         0x0000000000000000        0xc ./objs/gpio.o
 .group         0x0000000000000000        0xc ./objs/gpio.o
 .group         0x0000000000000000        0xc ./objs/gpio.o
 .group         0x0000000000000000        0xc ./objs/gpio.o
 .group         0x0000000000000000        0xc ./objs/gpio.o
 .group         0x0000000000000000        0xc ./objs/gpio.o
 .group         0x0000000000000000        0xc ./objs/gpio.o
 .group         0x0000000000000000        0xc ./objs/gpio.o
 .group         0x0000000000000000        0xc ./objs/gpio.o
 .group         0x0000000000000000        0xc ./objs/gpio.o
 .group         0x0000000000000000        0xc ./objs/gpio.o
 .group         0x0000000000000000        0xc ./objs/gpio.o
 .group         0x0000000000000000        0xc ./objs/gpio.o
 .group         0x0000000000000000        0xc ./objs/gpio.o
 .group         0x0000000000000000        0xc ./objs/gpio.o
 .group         0x0000000000000000        0xc ./objs/gpio.o
 .text          0x0000000000000000        0x0 ./objs/gpio.o
 .data          0x0000000000000000        0x0 ./objs/gpio.o
 .bss           0x0000000000000000        0x0 ./objs/gpio.o
 .text.GPIO_Set_Interrupt
                0x0000000000000000       0x10 ./objs/gpio.o
 .text.GPIO_Set_Intr_Polarity
                0x0000000000000000       0x10 ./objs/gpio.o
 .text.GPIO_Set_Intr_Edge
                0x0000000000000000       0x10 ./objs/gpio.o
 .text.GPIO_Set_Bypass
                0x0000000000000000       0x10 ./objs/gpio.o
 .text.GPIO_Set_Transmit
                0x0000000000000000       0x10 ./objs/gpio.o
 .text.GPIO_Set_Reseiv
                0x0000000000000000        0x8 ./objs/gpio.o
 .text.GPIO_Get_Capability
                0x0000000000000000        0x8 ./objs/gpio.o
 .text.GPIO_Read_Data
                0x0000000000000000        0x8 ./objs/gpio.o
 .debug_macro   0x0000000000000000      0x74e ./objs/gpio.o
 .debug_macro   0x0000000000000000       0x22 ./objs/gpio.o
 .debug_macro   0x0000000000000000       0x8e ./objs/gpio.o
 .debug_macro   0x0000000000000000       0x51 ./objs/gpio.o
 .debug_macro   0x0000000000000000       0xef ./objs/gpio.o
 .debug_macro   0x0000000000000000       0x6a ./objs/gpio.o
 .debug_macro   0x0000000000000000      0x1df ./objs/gpio.o
 .debug_macro   0x0000000000000000       0x58 ./objs/gpio.o
 .debug_macro   0x0000000000000000       0x19 ./objs/gpio.o
 .debug_macro   0x0000000000000000       0x34 ./objs/gpio.o
 .debug_macro   0x0000000000000000       0x34 ./objs/gpio.o
 .debug_macro   0x0000000000000000      0x174 ./objs/gpio.o
 .debug_macro   0x0000000000000000       0x58 ./objs/gpio.o
 .debug_macro   0x0000000000000000       0x1f ./objs/gpio.o
 .debug_macro   0x0000000000000000       0x43 ./objs/gpio.o
 .debug_macro   0x0000000000000000       0x20 ./objs/gpio.o
 .debug_macro   0x0000000000000000      0x18e ./objs/gpio.o
 .debug_macro   0x0000000000000000      0x330 ./objs/gpio.o
 .debug_macro   0x0000000000000000       0x10 ./objs/gpio.o
 .debug_macro   0x0000000000000000       0x35 ./objs/gpio.o
 .debug_macro   0x0000000000000000       0x1c ./objs/gpio.o
 .debug_macro   0x0000000000000000       0x10 ./objs/gpio.o
 .debug_macro   0x0000000000000000       0x10 ./objs/gpio.o
 .debug_macro   0x0000000000000000       0x1c ./objs/gpio.o
 .debug_macro   0x0000000000000000       0x52 ./objs/gpio.o
 .debug_macro   0x0000000000000000       0x40 ./objs/gpio.o
 .debug_macro   0x0000000000000000       0x10 ./objs/gpio.o
 .debug_macro   0x0000000000000000       0x40 ./objs/gpio.o
 .debug_macro   0x0000000000000000       0xd7 ./objs/gpio.o
 .debug_macro   0x0000000000000000       0x1c ./objs/gpio.o
 .debug_macro   0x0000000000000000       0x3d ./objs/gpio.o
 .debug_macro   0x0000000000000000       0x16 ./objs/gpio.o
 .debug_macro   0x0000000000000000      0x16f ./objs/gpio.o
 .debug_macro   0x0000000000000000       0x16 ./objs/gpio.o
 .debug_macro   0x0000000000000000       0x16 ./objs/gpio.o
 .debug_macro   0x0000000000000000       0x29 ./objs/gpio.o
 .debug_macro   0x0000000000000000       0x22 ./objs/gpio.o
 .debug_macro   0x0000000000000000      0x1e1 ./objs/gpio.o
 .debug_macro   0x0000000000000000       0x1c ./objs/gpio.o
 .debug_macro   0x0000000000000000       0x3a ./objs/gpio.o
 .debug_macro   0x0000000000000000       0x28 ./objs/gpio.o
 .debug_macro   0x0000000000000000       0x2e ./objs/gpio.o
 .debug_macro   0x0000000000000000       0x40 ./objs/gpio.o
 .group         0x0000000000000000        0xc ./objs/timer.o
 .group         0x0000000000000000        0xc ./objs/timer.o
 .group         0x0000000000000000        0xc ./objs/timer.o
 .group         0x0000000000000000        0xc ./objs/timer.o
 .group         0x0000000000000000        0xc ./objs/timer.o
 .group         0x0000000000000000        0xc ./objs/timer.o
 .group         0x0000000000000000        0xc ./objs/timer.o
 .group         0x0000000000000000        0xc ./objs/timer.o
 .group         0x0000000000000000        0xc ./objs/timer.o
 .group         0x0000000000000000        0xc ./objs/timer.o
 .group         0x0000000000000000        0xc ./objs/timer.o
 .group         0x0000000000000000        0xc ./objs/timer.o
 .group         0x0000000000000000        0xc ./objs/timer.o
 .group         0x0000000000000000        0xc ./objs/timer.o
 .group         0x0000000000000000        0xc ./objs/timer.o
 .group         0x0000000000000000        0xc ./objs/timer.o
 .group         0x0000000000000000        0xc ./objs/timer.o
 .group         0x0000000000000000        0xc ./objs/timer.o
 .group         0x0000000000000000        0xc ./objs/timer.o
 .group         0x0000000000000000        0xc ./objs/timer.o
 .group         0x0000000000000000        0xc ./objs/timer.o
 .group         0x0000000000000000        0xc ./objs/timer.o
 .group         0x0000000000000000        0xc ./objs/timer.o
 .group         0x0000000000000000        0xc ./objs/timer.o
 .group         0x0000000000000000        0xc ./objs/timer.o
 .group         0x0000000000000000        0xc ./objs/timer.o
 .group         0x0000000000000000        0xc ./objs/timer.o
 .group         0x0000000000000000        0xc ./objs/timer.o
 .group         0x0000000000000000        0xc ./objs/timer.o
 .group         0x0000000000000000        0xc ./objs/timer.o
 .group         0x0000000000000000        0xc ./objs/timer.o
 .group         0x0000000000000000        0xc ./objs/timer.o
 .group         0x0000000000000000        0xc ./objs/timer.o
 .group         0x0000000000000000        0xc ./objs/timer.o
 .group         0x0000000000000000        0xc ./objs/timer.o
 .group         0x0000000000000000        0xc ./objs/timer.o
 .group         0x0000000000000000        0xc ./objs/timer.o
 .group         0x0000000000000000        0xc ./objs/timer.o
 .group         0x0000000000000000        0xc ./objs/timer.o
 .group         0x0000000000000000        0xc ./objs/timer.o
 .group         0x0000000000000000        0xc ./objs/timer.o
 .group         0x0000000000000000        0xc ./objs/timer.o
 .group         0x0000000000000000        0xc ./objs/timer.o
 .text          0x0000000000000000        0x0 ./objs/timer.o
 .data          0x0000000000000000        0x0 ./objs/timer.o
 .bss           0x0000000000000000        0x0 ./objs/timer.o
 .text.TIMER_Init_All_Timers
                0x0000000000000000       0x14 ./objs/timer.o
 .text.TIMER_Set_Scaler_Value
                0x0000000000000000       0x10 ./objs/timer.o
 .text.TIMER_Set_Scaler_Reload
                0x0000000000000000       0x10 ./objs/timer.o
 .text.TIMER_Get_Configuration
                0x0000000000000000        0x8 ./objs/timer.o
 .text.TIMER_Init_Timer
                0x0000000000000000       0x40 ./objs/timer.o
 .text.TIMER_Set_Timer_Counter
                0x0000000000000000       0x14 ./objs/timer.o
 .text.TIMER_Set_Timer_Reload
                0x0000000000000000       0x14 ./objs/timer.o
 .text.TIMER_Get_Timer_Latch
                0x0000000000000000       0x14 ./objs/timer.o
 .debug_info    0x0000000000000000      0xc17 ./objs/timer.o
 .debug_abbrev  0x0000000000000000      0x25c ./objs/timer.o
 .debug_loc     0x0000000000000000      0x129 ./objs/timer.o
 .debug_aranges
                0x0000000000000000       0x58 ./objs/timer.o
 .debug_ranges  0x0000000000000000       0x48 ./objs/timer.o
 .debug_macro   0x0000000000000000      0x285 ./objs/timer.o
 .debug_macro   0x0000000000000000      0x74e ./objs/timer.o
 .debug_macro   0x0000000000000000       0x22 ./objs/timer.o
 .debug_macro   0x0000000000000000       0x8e ./objs/timer.o
 .debug_macro   0x0000000000000000       0x51 ./objs/timer.o
 .debug_macro   0x0000000000000000       0xef ./objs/timer.o
 .debug_macro   0x0000000000000000       0x6a ./objs/timer.o
 .debug_macro   0x0000000000000000      0x1df ./objs/timer.o
 .debug_macro   0x0000000000000000       0x58 ./objs/timer.o
 .debug_macro   0x0000000000000000       0x19 ./objs/timer.o
 .debug_macro   0x0000000000000000       0x34 ./objs/timer.o
 .debug_macro   0x0000000000000000       0x34 ./objs/timer.o
 .debug_macro   0x0000000000000000      0x174 ./objs/timer.o
 .debug_macro   0x0000000000000000       0x58 ./objs/timer.o
 .debug_macro   0x0000000000000000       0x1f ./objs/timer.o
 .debug_macro   0x0000000000000000       0x43 ./objs/timer.o
 .debug_macro   0x0000000000000000       0x20 ./objs/timer.o
 .debug_macro   0x0000000000000000      0x18e ./objs/timer.o
 .debug_macro   0x0000000000000000      0x330 ./objs/timer.o
 .debug_macro   0x0000000000000000       0x10 ./objs/timer.o
 .debug_macro   0x0000000000000000       0x35 ./objs/timer.o
 .debug_macro   0x0000000000000000       0x1c ./objs/timer.o
 .debug_macro   0x0000000000000000       0x10 ./objs/timer.o
 .debug_macro   0x0000000000000000       0x10 ./objs/timer.o
 .debug_macro   0x0000000000000000       0x1c ./objs/timer.o
 .debug_macro   0x0000000000000000       0x52 ./objs/timer.o
 .debug_macro   0x0000000000000000       0x40 ./objs/timer.o
 .debug_macro   0x0000000000000000       0x10 ./objs/timer.o
 .debug_macro   0x0000000000000000       0x40 ./objs/timer.o
 .debug_macro   0x0000000000000000       0xd7 ./objs/timer.o
 .debug_macro   0x0000000000000000       0x1c ./objs/timer.o
 .debug_macro   0x0000000000000000       0x3d ./objs/timer.o
 .debug_macro   0x0000000000000000       0x16 ./objs/timer.o
 .debug_macro   0x0000000000000000      0x16f ./objs/timer.o
 .debug_macro   0x0000000000000000       0x16 ./objs/timer.o
 .debug_macro   0x0000000000000000       0x16 ./objs/timer.o
 .debug_macro   0x0000000000000000       0x29 ./objs/timer.o
 .debug_macro   0x0000000000000000       0x22 ./objs/timer.o
 .debug_macro   0x0000000000000000      0x1e1 ./objs/timer.o
 .debug_macro   0x0000000000000000       0x1c ./objs/timer.o
 .debug_macro   0x0000000000000000       0x3a ./objs/timer.o
 .debug_macro   0x0000000000000000       0x28 ./objs/timer.o
 .debug_macro   0x0000000000000000       0x2e ./objs/timer.o
 .debug_macro   0x0000000000000000      0x100 ./objs/timer.o
 .debug_line    0x0000000000000000      0x6f8 ./objs/timer.o
 .debug_str     0x0000000000000000     0x8bd8 ./objs/timer.o
 .comment       0x0000000000000000       0x3a ./objs/timer.o
 .debug_frame   0x0000000000000000       0x90 ./objs/timer.o
 .group         0x0000000000000000        0xc ./objs/i2c.o
 .group         0x0000000000000000        0xc ./objs/i2c.o
 .group         0x0000000000000000        0xc ./objs/i2c.o
 .group         0x0000000000000000        0xc ./objs/i2c.o
 .group         0x0000000000000000        0xc ./objs/i2c.o
 .group         0x0000000000000000        0xc ./objs/i2c.o
 .group         0x0000000000000000        0xc ./objs/i2c.o
 .group         0x0000000000000000        0xc ./objs/i2c.o
 .group         0x0000000000000000        0xc ./objs/i2c.o
 .group         0x0000000000000000        0xc ./objs/i2c.o
 .group         0x0000000000000000        0xc ./objs/i2c.o
 .group         0x0000000000000000        0xc ./objs/i2c.o
 .group         0x0000000000000000        0xc ./objs/i2c.o
 .group         0x0000000000000000        0xc ./objs/i2c.o
 .group         0x0000000000000000        0xc ./objs/i2c.o
 .group         0x0000000000000000        0xc ./objs/i2c.o
 .group         0x0000000000000000        0xc ./objs/i2c.o
 .group         0x0000000000000000        0xc ./objs/i2c.o
 .group         0x0000000000000000        0xc ./objs/i2c.o
 .group         0x0000000000000000        0xc ./objs/i2c.o
 .group         0x0000000000000000        0xc ./objs/i2c.o
 .group         0x0000000000000000        0xc ./objs/i2c.o
 .group         0x0000000000000000        0xc ./objs/i2c.o
 .group         0x0000000000000000        0xc ./objs/i2c.o
 .group         0x0000000000000000        0xc ./objs/i2c.o
 .group         0x0000000000000000        0xc ./objs/i2c.o
 .group         0x0000000000000000        0xc ./objs/i2c.o
 .group         0x0000000000000000        0xc ./objs/i2c.o
 .group         0x0000000000000000        0xc ./objs/i2c.o
 .group         0x0000000000000000        0xc ./objs/i2c.o
 .group         0x0000000000000000        0xc ./objs/i2c.o
 .group         0x0000000000000000        0xc ./objs/i2c.o
 .group         0x0000000000000000        0xc ./objs/i2c.o
 .group         0x0000000000000000        0xc ./objs/i2c.o
 .group         0x0000000000000000        0xc ./objs/i2c.o
 .group         0x0000000000000000        0xc ./objs/i2c.o
 .group         0x0000000000000000        0xc ./objs/i2c.o
 .group         0x0000000000000000        0xc ./objs/i2c.o
 .group         0x0000000000000000        0xc ./objs/i2c.o
 .group         0x0000000000000000        0xc ./objs/i2c.o
 .group         0x0000000000000000        0xc ./objs/i2c.o
 .group         0x0000000000000000        0xc ./objs/i2c.o
 .group         0x0000000000000000        0xc ./objs/i2c.o
 .group         0x0000000000000000        0xc ./objs/i2c.o
 .text          0x0000000000000000        0x0 ./objs/i2c.o
 .data          0x0000000000000000        0x0 ./objs/i2c.o
 .bss           0x0000000000000000        0x0 ./objs/i2c.o
 .text.I2C_Core_Enable
                0x0000000000000000        0xc ./objs/i2c.o
 .text.I2C_Interrupts_Enable
                0x0000000000000000        0xc ./objs/i2c.o
 .text.I2C_Write_n_Data
                0x0000000000000000       0x18 ./objs/i2c.o
 .text.I2C_StopCond_Enable
                0x0000000000000000       0x1c ./objs/i2c.o
 .text.I2C_Read_n_Word
                0x0000000000000000       0x60 ./objs/i2c.o
 .debug_macro   0x0000000000000000      0x74e ./objs/i2c.o
 .debug_macro   0x0000000000000000       0x22 ./objs/i2c.o
 .debug_macro   0x0000000000000000       0x8e ./objs/i2c.o
 .debug_macro   0x0000000000000000       0x51 ./objs/i2c.o
 .debug_macro   0x0000000000000000       0xef ./objs/i2c.o
 .debug_macro   0x0000000000000000       0x6a ./objs/i2c.o
 .debug_macro   0x0000000000000000      0x1df ./objs/i2c.o
 .debug_macro   0x0000000000000000       0x58 ./objs/i2c.o
 .debug_macro   0x0000000000000000       0x19 ./objs/i2c.o
 .debug_macro   0x0000000000000000       0x34 ./objs/i2c.o
 .debug_macro   0x0000000000000000       0x34 ./objs/i2c.o
 .debug_macro   0x0000000000000000      0x174 ./objs/i2c.o
 .debug_macro   0x0000000000000000       0x58 ./objs/i2c.o
 .debug_macro   0x0000000000000000       0x1f ./objs/i2c.o
 .debug_macro   0x0000000000000000       0x43 ./objs/i2c.o
 .debug_macro   0x0000000000000000       0x20 ./objs/i2c.o
 .debug_macro   0x0000000000000000      0x18e ./objs/i2c.o
 .debug_macro   0x0000000000000000      0x330 ./objs/i2c.o
 .debug_macro   0x0000000000000000       0x10 ./objs/i2c.o
 .debug_macro   0x0000000000000000       0x35 ./objs/i2c.o
 .debug_macro   0x0000000000000000       0x1c ./objs/i2c.o
 .debug_macro   0x0000000000000000       0x10 ./objs/i2c.o
 .debug_macro   0x0000000000000000       0x10 ./objs/i2c.o
 .debug_macro   0x0000000000000000       0x1c ./objs/i2c.o
 .debug_macro   0x0000000000000000       0x52 ./objs/i2c.o
 .debug_macro   0x0000000000000000       0x40 ./objs/i2c.o
 .debug_macro   0x0000000000000000       0x10 ./objs/i2c.o
 .debug_macro   0x0000000000000000       0x40 ./objs/i2c.o
 .debug_macro   0x0000000000000000       0xd7 ./objs/i2c.o
 .debug_macro   0x0000000000000000       0x1c ./objs/i2c.o
 .debug_macro   0x0000000000000000       0x3d ./objs/i2c.o
 .debug_macro   0x0000000000000000       0x16 ./objs/i2c.o
 .debug_macro   0x0000000000000000      0x16f ./objs/i2c.o
 .debug_macro   0x0000000000000000       0x16 ./objs/i2c.o
 .debug_macro   0x0000000000000000       0x16 ./objs/i2c.o
 .debug_macro   0x0000000000000000       0x29 ./objs/i2c.o
 .debug_macro   0x0000000000000000       0x22 ./objs/i2c.o
 .debug_macro   0x0000000000000000      0x1e1 ./objs/i2c.o
 .debug_macro   0x0000000000000000       0x1c ./objs/i2c.o
 .debug_macro   0x0000000000000000       0x3a ./objs/i2c.o
 .debug_macro   0x0000000000000000       0x28 ./objs/i2c.o
 .debug_macro   0x0000000000000000       0x2e ./objs/i2c.o
 .debug_macro   0x0000000000000000      0x112 ./objs/i2c.o
 .group         0x0000000000000000        0xc ./objs/main.o
 .group         0x0000000000000000        0xc ./objs/main.o
 .group         0x0000000000000000        0xc ./objs/main.o
 .group         0x0000000000000000        0xc ./objs/main.o
 .group         0x0000000000000000        0xc ./objs/main.o
 .group         0x0000000000000000        0xc ./objs/main.o
 .group         0x0000000000000000        0xc ./objs/main.o
 .group         0x0000000000000000        0xc ./objs/main.o
 .group         0x0000000000000000        0xc ./objs/main.o
 .group         0x0000000000000000        0xc ./objs/main.o
 .group         0x0000000000000000        0xc ./objs/main.o
 .group         0x0000000000000000        0xc ./objs/main.o
 .group         0x0000000000000000        0xc ./objs/main.o
 .group         0x0000000000000000        0xc ./objs/main.o
 .group         0x0000000000000000        0xc ./objs/main.o
 .group         0x0000000000000000        0xc ./objs/main.o
 .group         0x0000000000000000        0xc ./objs/main.o
 .group         0x0000000000000000        0xc ./objs/main.o
 .group         0x0000000000000000        0xc ./objs/main.o
 .group         0x0000000000000000        0xc ./objs/main.o
 .group         0x0000000000000000        0xc ./objs/main.o
 .group         0x0000000000000000        0xc ./objs/main.o
 .group         0x0000000000000000        0xc ./objs/main.o
 .group         0x0000000000000000        0xc ./objs/main.o
 .group         0x0000000000000000        0xc ./objs/main.o
 .group         0x0000000000000000        0xc ./objs/main.o
 .group         0x0000000000000000        0xc ./objs/main.o
 .group         0x0000000000000000        0xc ./objs/main.o
 .group         0x0000000000000000        0xc ./objs/main.o
 .group         0x0000000000000000        0xc ./objs/main.o
 .group         0x0000000000000000        0xc ./objs/main.o
 .group         0x0000000000000000        0xc ./objs/main.o
 .group         0x0000000000000000        0xc ./objs/main.o
 .group         0x0000000000000000        0xc ./objs/main.o
 .group         0x0000000000000000        0xc ./objs/main.o
 .group         0x0000000000000000        0xc ./objs/main.o
 .group         0x0000000000000000        0xc ./objs/main.o
 .group         0x0000000000000000        0xc ./objs/main.o
 .group         0x0000000000000000        0xc ./objs/main.o
 .group         0x0000000000000000        0xc ./objs/main.o
 .group         0x0000000000000000        0xc ./objs/main.o
 .group         0x0000000000000000        0xc ./objs/main.o
 .group         0x0000000000000000        0xc ./objs/main.o
 .group         0x0000000000000000        0xc ./objs/main.o
 .group         0x0000000000000000        0xc ./objs/main.o
 .group         0x0000000000000000        0xc ./objs/main.o
 .group         0x0000000000000000        0xc ./objs/main.o
 .group         0x0000000000000000        0xc ./objs/main.o
 .text          0x0000000000000000        0x0 ./objs/main.o
 .data          0x0000000000000000        0x0 ./objs/main.o
 .bss           0x0000000000000000        0x0 ./objs/main.o
 .text.delayTact
                0x0000000000000000       0x18 ./objs/main.o
 .debug_macro   0x0000000000000000      0x74e ./objs/main.o
 .debug_macro   0x0000000000000000       0x22 ./objs/main.o
 .debug_macro   0x0000000000000000       0x8e ./objs/main.o
 .debug_macro   0x0000000000000000       0x51 ./objs/main.o
 .debug_macro   0x0000000000000000       0xef ./objs/main.o
 .debug_macro   0x0000000000000000       0x6a ./objs/main.o
 .debug_macro   0x0000000000000000      0x1df ./objs/main.o
 .debug_macro   0x0000000000000000       0x58 ./objs/main.o
 .debug_macro   0x0000000000000000       0x19 ./objs/main.o
 .debug_macro   0x0000000000000000       0x34 ./objs/main.o
 .debug_macro   0x0000000000000000       0x34 ./objs/main.o
 .debug_macro   0x0000000000000000      0x174 ./objs/main.o
 .debug_macro   0x0000000000000000       0x58 ./objs/main.o
 .debug_macro   0x0000000000000000       0x1f ./objs/main.o
 .debug_macro   0x0000000000000000       0x43 ./objs/main.o
 .debug_macro   0x0000000000000000       0x20 ./objs/main.o
 .debug_macro   0x0000000000000000      0x18e ./objs/main.o
 .debug_macro   0x0000000000000000      0x330 ./objs/main.o
 .debug_macro   0x0000000000000000       0x10 ./objs/main.o
 .debug_macro   0x0000000000000000       0x35 ./objs/main.o
 .debug_macro   0x0000000000000000       0x1c ./objs/main.o
 .debug_macro   0x0000000000000000       0x10 ./objs/main.o
 .debug_macro   0x0000000000000000       0x10 ./objs/main.o
 .debug_macro   0x0000000000000000       0x1c ./objs/main.o
 .debug_macro   0x0000000000000000       0x52 ./objs/main.o
 .debug_macro   0x0000000000000000       0x40 ./objs/main.o
 .debug_macro   0x0000000000000000       0x10 ./objs/main.o
 .debug_macro   0x0000000000000000       0x40 ./objs/main.o
 .debug_macro   0x0000000000000000       0xd7 ./objs/main.o
 .debug_macro   0x0000000000000000       0x1c ./objs/main.o
 .debug_macro   0x0000000000000000       0x3d ./objs/main.o
 .debug_macro   0x0000000000000000       0x16 ./objs/main.o
 .debug_macro   0x0000000000000000      0x16f ./objs/main.o
 .debug_macro   0x0000000000000000       0x16 ./objs/main.o
 .debug_macro   0x0000000000000000       0x16 ./objs/main.o
 .debug_macro   0x0000000000000000       0x29 ./objs/main.o
 .debug_macro   0x0000000000000000       0x22 ./objs/main.o
 .debug_macro   0x0000000000000000      0x1e1 ./objs/main.o
 .debug_macro   0x0000000000000000       0x1c ./objs/main.o
 .debug_macro   0x0000000000000000       0x3a ./objs/main.o
 .debug_macro   0x0000000000000000       0x28 ./objs/main.o
 .debug_macro   0x0000000000000000       0x2e ./objs/main.o
 .debug_macro   0x0000000000000000       0xd7 ./objs/main.o
 .debug_macro   0x0000000000000000      0x112 ./objs/main.o
 COMMON         0x0000000000000000       0xf0 ./objs/main.o
 .text          0x0000000000000000        0x0 ./s_objs/startup_asm_scr1.o
 .data          0x0000000000000000        0x0 ./s_objs/startup_asm_scr1.o
 .bss           0x0000000000000000        0x0 ./s_objs/startup_asm_scr1.o

Memory Configuration

Name             Origin             Length             Attributes
PM_RAM           0x00000000f0000000 0x000000000000f000 xrw
DM_RAM           0x00000000f000f000 0x0000000000001000 xrw
*default*        0x0000000000000000 0xffffffffffffffff

Linker script and memory map

LOAD ./objs/startup_scr1.o
LOAD ./objs/syscalls.o
LOAD ./objs/uart.o
LOAD ./objs/spi.o
LOAD ./objs/gpio.o
LOAD ./objs/timer.o
LOAD ./objs/i2c.o
LOAD ./objs/main.o
LOAD ./s_objs/startup_asm_scr1.o
LOAD d:/ghub/mphei_riscv_mcu_22/soft/scr1_example_project/soft/eclipse/compiler/gnu mcu eclipse/risc-v embedded gcc/8.1.0-2-20181019-0952/bin/../lib/gcc/riscv-none-embed/8.1.0/rv32im/ilp32\libgcc.a
START GROUP
LOAD d:/ghub/mphei_riscv_mcu_22/soft/scr1_example_project/soft/eclipse/compiler/gnu mcu eclipse/risc-v embedded gcc/8.1.0-2-20181019-0952/bin/../lib/gcc/riscv-none-embed/8.1.0/rv32im/ilp32\libgcc.a
LOAD d:/ghub/mphei_riscv_mcu_22/soft/scr1_example_project/soft/eclipse/compiler/gnu mcu eclipse/risc-v embedded gcc/8.1.0-2-20181019-0952/bin/../lib/gcc/riscv-none-embed/8.1.0/../../../../riscv-none-embed/lib/rv32im/ilp32\libg.a
LOAD d:/ghub/mphei_riscv_mcu_22/soft/scr1_example_project/soft/eclipse/compiler/gnu mcu eclipse/risc-v embedded gcc/8.1.0-2-20181019-0952/bin/../lib/gcc/riscv-none-embed/8.1.0/../../../../riscv-none-embed/lib/rv32im/ilp32\libc.a
END GROUP
LOAD d:/ghub/mphei_riscv_mcu_22/soft/scr1_example_project/soft/eclipse/compiler/gnu mcu eclipse/risc-v embedded gcc/8.1.0-2-20181019-0952/bin/../lib/gcc/riscv-none-embed/8.1.0/rv32im/ilp32\libgcc.a
                0x0000000000000400                STACK_SIZE = 0x400

.init           0x00000000f0000000      0x2d4
                0x0000000000000200                . = 0x200
 *fill*         0x00000000f0000000      0x200 
 *(.init.startup)
 .init.startup  0x00000000f0000200       0x1c ./s_objs/startup_asm_scr1.o
                0x00000000f0000200                _start
                0x00000000f0000240                . = ALIGN (0x40)
 *fill*         0x00000000f000021c       0x24 
 *(.init.traphandler)
 .init.traphandler
                0x00000000f0000240       0x94 ./s_objs/startup_asm_scr1.o
                0x00000000f00002d4                . = ALIGN (0x4)

.text           0x00000000f00002d4      0x2f8
 *(.text*)
 .text.InstrAddrMisalign_Handler
                0x00000000f00002d4        0x4 ./objs/startup_scr1.o
                0x00000000f00002d4                InstrAddrMisalign_Handler
 .text.InstrAccess_Handler
                0x00000000f00002d8        0x4 ./objs/startup_scr1.o
                0x00000000f00002d8                InstrAccess_Handler
 .text.IllegalInstr_Handler
                0x00000000f00002dc        0x4 ./objs/startup_scr1.o
                0x00000000f00002dc                IllegalInstr_Handler
 .text.Breakpoint_Handler
                0x00000000f00002e0        0x4 ./objs/startup_scr1.o
                0x00000000f00002e0                Breakpoint_Handler
 .text.LoadAddrMisalign_Handler
                0x00000000f00002e4        0x4 ./objs/startup_scr1.o
                0x00000000f00002e4                LoadAddrMisalign_Handler
 .text.LoadAccess_Handler
                0x00000000f00002e8        0x4 ./objs/startup_scr1.o
                0x00000000f00002e8                LoadAccess_Handler
 .text.StoreAddrMisalign_Handler
                0x00000000f00002ec        0x4 ./objs/startup_scr1.o
                0x00000000f00002ec                StoreAddrMisalign_Handler
 .text.StoreAccess_Handler
                0x00000000f00002f0        0x4 ./objs/startup_scr1.o
                0x00000000f00002f0                StoreAccess_Handler
 .text.Ecall_Handler
                0x00000000f00002f4        0x4 ./objs/startup_scr1.o
                0x00000000f00002f4                Ecall_Handler
 .text.Spi_Irq_Handler
                0x00000000f00002f8       0x1c ./objs/startup_scr1.o
                0x00000000f00002f8                Spi_Irq_Handler
 .text.Uart_Irq_Handler
                0x00000000f0000314       0x1c ./objs/startup_scr1.o
                0x00000000f0000314                Uart_Irq_Handler
 .text.Gpio_Irq_Handler
                0x00000000f0000330       0x1c ./objs/startup_scr1.o
                0x00000000f0000330                Gpio_Irq_Handler
 .text.Timer2_Irq_Handler
                0x00000000f000034c       0x1c ./objs/startup_scr1.o
                0x00000000f000034c                Timer2_Irq_Handler
 .text.Timer1_Irq_Handler
                0x00000000f0000368       0x40 ./objs/startup_scr1.o
                0x00000000f0000368                Timer1_Irq_Handler
 .text.trap_handler
                0x00000000f00003a8       0x90 ./objs/startup_scr1.o
                0x00000000f00003a8                trap_handler
 .text.startup_scr1
                0x00000000f0000438       0x88 ./objs/startup_scr1.o
                0x00000000f0000438                startup_scr1
 .text.GPIO_Get_Output
                0x00000000f00004c0        0x8 ./objs/gpio.o
                0x00000000f00004c0                GPIO_Get_Output
 .text.GPIO_Send_Data
                0x00000000f00004c8       0x10 ./objs/gpio.o
                0x00000000f00004c8                GPIO_Send_Data
 .text.I2C_Init
                0x00000000f00004d8       0x14 ./objs/i2c.o
                0x00000000f00004d8                I2C_Init
 .text.I2C_Set_Frequency
                0x00000000f00004ec       0x10 ./objs/i2c.o
                0x00000000f00004ec                I2C_Set_Frequency
 .text.I2C_StartCond_Enable
                0x00000000f00004fc        0xc ./objs/i2c.o
                0x00000000f00004fc                I2C_StartCond_Enable
 .text.I2C_Write_Data
                0x00000000f0000508        0x8 ./objs/i2c.o
                0x00000000f0000508                I2C_Write_Data
 .text.main     0x00000000f0000510       0x38 ./objs/main.o
                0x00000000f0000510                main
                0x00000000f0000548                . = ALIGN (0x4)
 *(.rodata .rodata.*)
 .rodata.ext_vector_table
                0x00000000f0000548       0x40 ./objs/startup_scr1.o
 .rodata.fault_vector_table
                0x00000000f0000588       0x44 ./objs/startup_scr1.o
                0x00000000f00005cc                . = ALIGN (0x4)

.rela.dyn       0x00000000f00005cc        0x0
 .rela.text.trap_handler
                0x00000000f00005cc        0x0 ./objs/startup_scr1.o
 .rela.text.startup_scr1
                0x00000000f00005cc        0x0 ./objs/startup_scr1.o
 .rela.rodata.fault_vector_table
                0x00000000f00005cc        0x0 ./objs/startup_scr1.o
 .rela.init.startup
                0x00000000f00005cc        0x0 ./objs/startup_scr1.o

.data           0x00000000f000f000       0x10 load address 0x00000000f00005cc
                0x00000000f000f000                _sdata = .
                0x00000000f00005cc                _ldata = LOADADDR (.data)
 *(.data .data.*)
 .data.interrupt_count_gpio
                0x00000000f000f000        0x4 ./objs/startup_scr1.o
                0x00000000f000f000                interrupt_count_gpio
 .data.interrupt_count_spi
                0x00000000f000f004        0x4 ./objs/startup_scr1.o
                0x00000000f000f004                interrupt_count_spi
 .data.interrupt_count_timer2
                0x00000000f000f008        0x4 ./objs/startup_scr1.o
                0x00000000f000f008                interrupt_count_timer2
 .data.interrupt_count_uart
                0x00000000f000f00c        0x4 ./objs/startup_scr1.o
                0x00000000f000f00c                interrupt_count_uart
 *(.sdata .sdata.*)
                0x00000000f000f010                . = ALIGN (0x4)
                0x00000000f000f010                _edata = .
                0x00000000f000f010                _end = .

.bss            0x00000000f000f010        0x0 load address 0x00000000f00005dc
                0x00000000f000f010                _sbss = .
 *(.bss .bss.*)
                0x00000000f000f010                . = ALIGN (0x4)
 *(.sbss .sbss.*)
                0x00000000f000f010                . = ALIGN (0x4)
                0x00000000f000f010                _ebss = .

.stack          0x00000000f000fc00      0x400
                0x00000000f000fc00                PROVIDE (__STACK_START__ = .)
                0x00000000f0010000                . = (. + STACK_SIZE)
 *fill*         0x00000000f000fc00      0x400 
                0x00000000f0010000                PROVIDE (__C_STACK_TOP__ = .)

/DISCARD/
 *(.eh_frame .eh_frame.*)
OUTPUT(scr1_test_project.elf elf32-littleriscv)

.debug_info     0x0000000000000000     0x33c8
 .debug_info    0x0000000000000000      0xf59 ./objs/startup_scr1.o
 .debug_info    0x0000000000000f59      0xcfe ./objs/gpio.o
 .debug_info    0x0000000000001c57      0xc2a ./objs/i2c.o
 .debug_info    0x0000000000002881      0xb25 ./objs/main.o
 .debug_info    0x00000000000033a6       0x22 ./s_objs/startup_asm_scr1.o

.debug_abbrev   0x0000000000000000      0xb6f
 .debug_abbrev  0x0000000000000000      0x359 ./objs/startup_scr1.o
 .debug_abbrev  0x0000000000000359      0x25c ./objs/gpio.o
 .debug_abbrev  0x00000000000005b5      0x302 ./objs/i2c.o
 .debug_abbrev  0x00000000000008b7      0x2a6 ./objs/main.o
 .debug_abbrev  0x0000000000000b5d       0x12 ./s_objs/startup_asm_scr1.o

.debug_loc      0x0000000000000000      0x4a9
 .debug_loc     0x0000000000000000      0x288 ./objs/startup_scr1.o
 .debug_loc     0x0000000000000288      0x129 ./objs/gpio.o
 .debug_loc     0x00000000000003b1       0xd9 ./objs/i2c.o
 .debug_loc     0x000000000000048a       0x1f ./objs/main.o

.debug_aranges  0x0000000000000000      0x1c0
 .debug_aranges
                0x0000000000000000       0xa8 ./objs/startup_scr1.o
 .debug_aranges
                0x00000000000000a8       0x68 ./objs/gpio.o
 .debug_aranges
                0x0000000000000110       0x60 ./objs/i2c.o
 .debug_aranges
                0x0000000000000170       0x28 ./objs/main.o
 .debug_aranges
                0x0000000000000198       0x28 ./s_objs/startup_asm_scr1.o

.debug_ranges   0x0000000000000000      0x190
 .debug_ranges  0x0000000000000000       0x98 ./objs/startup_scr1.o
 .debug_ranges  0x0000000000000098       0x58 ./objs/gpio.o
 .debug_ranges  0x00000000000000f0       0x68 ./objs/i2c.o
 .debug_ranges  0x0000000000000158       0x18 ./objs/main.o
 .debug_ranges  0x0000000000000170       0x20 ./s_objs/startup_asm_scr1.o

.debug_macro    0x0000000000000000     0x2c8d
 .debug_macro   0x0000000000000000      0x29a ./objs/startup_scr1.o
 .debug_macro   0x000000000000029a      0x74e ./objs/startup_scr1.o
 .debug_macro   0x00000000000009e8       0x22 ./objs/startup_scr1.o
 .debug_macro   0x0000000000000a0a       0x8e ./objs/startup_scr1.o
 .debug_macro   0x0000000000000a98       0x51 ./objs/startup_scr1.o
 .debug_macro   0x0000000000000ae9       0xef ./objs/startup_scr1.o
 .debug_macro   0x0000000000000bd8       0x6a ./objs/startup_scr1.o
 .debug_macro   0x0000000000000c42      0x1df ./objs/startup_scr1.o
 .debug_macro   0x0000000000000e21       0x58 ./objs/startup_scr1.o
 .debug_macro   0x0000000000000e79       0x19 ./objs/startup_scr1.o
 .debug_macro   0x0000000000000e92       0x34 ./objs/startup_scr1.o
 .debug_macro   0x0000000000000ec6       0x34 ./objs/startup_scr1.o
 .debug_macro   0x0000000000000efa      0x174 ./objs/startup_scr1.o
 .debug_macro   0x000000000000106e       0x58 ./objs/startup_scr1.o
 .debug_macro   0x00000000000010c6       0x1f ./objs/startup_scr1.o
 .debug_macro   0x00000000000010e5       0x43 ./objs/startup_scr1.o
 .debug_macro   0x0000000000001128       0x20 ./objs/startup_scr1.o
 .debug_macro   0x0000000000001148      0x18e ./objs/startup_scr1.o
 .debug_macro   0x00000000000012d6      0x330 ./objs/startup_scr1.o
 .debug_macro   0x0000000000001606       0x10 ./objs/startup_scr1.o
 .debug_macro   0x0000000000001616       0x35 ./objs/startup_scr1.o
 .debug_macro   0x000000000000164b       0x1c ./objs/startup_scr1.o
 .debug_macro   0x0000000000001667       0x10 ./objs/startup_scr1.o
 .debug_macro   0x0000000000001677       0x10 ./objs/startup_scr1.o
 .debug_macro   0x0000000000001687       0x1c ./objs/startup_scr1.o
 .debug_macro   0x00000000000016a3       0x52 ./objs/startup_scr1.o
 .debug_macro   0x00000000000016f5       0x40 ./objs/startup_scr1.o
 .debug_macro   0x0000000000001735       0x10 ./objs/startup_scr1.o
 .debug_macro   0x0000000000001745       0x40 ./objs/startup_scr1.o
 .debug_macro   0x0000000000001785       0xd7 ./objs/startup_scr1.o
 .debug_macro   0x000000000000185c       0x1c ./objs/startup_scr1.o
 .debug_macro   0x0000000000001878       0x3d ./objs/startup_scr1.o
 .debug_macro   0x00000000000018b5       0x16 ./objs/startup_scr1.o
 .debug_macro   0x00000000000018cb      0x16f ./objs/startup_scr1.o
 .debug_macro   0x0000000000001a3a       0x16 ./objs/startup_scr1.o
 .debug_macro   0x0000000000001a50       0x16 ./objs/startup_scr1.o
 .debug_macro   0x0000000000001a66       0x29 ./objs/startup_scr1.o
 .debug_macro   0x0000000000001a8f       0x22 ./objs/startup_scr1.o
 .debug_macro   0x0000000000001ab1      0x1e1 ./objs/startup_scr1.o
 .debug_macro   0x0000000000001c92       0x1c ./objs/startup_scr1.o
 .debug_macro   0x0000000000001cae       0x3a ./objs/startup_scr1.o
 .debug_macro   0x0000000000001ce8       0x28 ./objs/startup_scr1.o
 .debug_macro   0x0000000000001d10      0x24a ./objs/startup_scr1.o
 .debug_macro   0x0000000000001f5a       0x2e ./objs/startup_scr1.o
 .debug_macro   0x0000000000001f88       0x40 ./objs/startup_scr1.o
 .debug_macro   0x0000000000001fc8      0x285 ./objs/gpio.o
 .debug_macro   0x000000000000224d      0x28e ./objs/i2c.o
 .debug_macro   0x00000000000024db       0x94 ./objs/i2c.o
 .debug_macro   0x000000000000256f      0x2e8 ./objs/main.o
 .debug_macro   0x0000000000002857      0x250 ./objs/main.o
 .debug_macro   0x0000000000002aa7       0x46 ./objs/main.o
 .debug_macro   0x0000000000002aed       0x9a ./objs/main.o
 .debug_macro   0x0000000000002b87      0x106 ./objs/main.o

.debug_line     0x0000000000000000     0x2112
 .debug_line    0x0000000000000000      0xaed ./objs/startup_scr1.o
 .debug_line    0x0000000000000aed      0x723 ./objs/gpio.o
 .debug_line    0x0000000000001210      0x7bd ./objs/i2c.o
 .debug_line    0x00000000000019cd      0x6b5 ./objs/main.o
 .debug_line    0x0000000000002082       0x90 ./s_objs/startup_asm_scr1.o

.debug_str      0x0000000000000000     0xaaf3
 .debug_str     0x0000000000000000     0x912c ./objs/startup_scr1.o
                                       0x9438 (size before relaxing)
 .debug_str     0x000000000000912c       0xc9 ./objs/gpio.o
                                       0x85a5 (size before relaxing)
 .debug_str     0x00000000000091f5      0xb10 ./objs/i2c.o
                                       0x8d61 (size before relaxing)
 .debug_str     0x0000000000009d05      0xdbe ./objs/main.o
                                       0xa81e (size before relaxing)
 .debug_str     0x000000000000aac3       0x30 ./s_objs/startup_asm_scr1.o
                                         0x93 (size before relaxing)

.comment        0x0000000000000000       0x39
 .comment       0x0000000000000000       0x39 ./objs/startup_scr1.o
                                         0x3a (size before relaxing)
 .comment       0x0000000000000039       0x3a ./objs/gpio.o
 .comment       0x0000000000000039       0x3a ./objs/i2c.o
 .comment       0x0000000000000039       0x3a ./objs/main.o

.debug_frame    0x0000000000000000      0x2f4
 .debug_frame   0x0000000000000000      0x150 ./objs/startup_scr1.o
 .debug_frame   0x0000000000000150       0xb0 ./objs/gpio.o
 .debug_frame   0x0000000000000200       0xbc ./objs/i2c.o
 .debug_frame   0x00000000000002bc       0x38 ./objs/main.o
